// Jest Snapshot v1, https://goo.gl/fbAQLP

exports[`App renders learn react link 1`] = `
<DocumentFragment>
  <div
    class="App"
  >
    <a>
      123
    </a>
    <a
      data-testid="display"
    >
      0
    </a>
    <div
      style="width: 1200px;"
    >
      <div
        class="ant-table-wrapper"
      >
        <div
          class="ant-spin-nested-loading"
        >
          <div
            class="ant-spin-container"
          >
            <div
              class="ant-table"
            >
              <div
                class="ant-table-container"
              >
                <div
                  class="ant-table-content"
                >
                  <table
                    style="table-layout: auto;"
                  >
                    <colgroup>
                      <col
                        style="width: 40px; min-width: 40px;"
                      />
                      <col
                        style="width: 40px; min-width: 40px;"
                      />
                      <col
                        style="width: 40px; min-width: 40px;"
                      />
                      <col
                        style="width: 40px; min-width: 40px;"
                      />
                      <col
                        style="width: 40px; min-width: 40px;"
                      />
                      <col
                        style="width: 40px; min-width: 40px;"
                      />
                      <col
                        style="width: 40px; min-width: 40px;"
                      />
                      <col
                        style="width: 20px; min-width: 20px;"
                      />
                      <col
                        style="width: 400px; min-width: 400px;"
                      />
                      <col
                        style="width: 300px; min-width: 300px;"
                      />
                      <col
                        style="width: 100px; min-width: 100px;"
                      />
                    </colgroup>
                    <thead
                      class="ant-table-thead"
                    >
                      <tr>
                        <th
                          class="ant-table-cell"
                        >
                          姓名
                        </th>
                        <th
                          class="ant-table-cell"
                        >
                          年龄
                        </th>
                        <th
                          class="ant-table-cell"
                        >
                          住址
                        </th>
                        <th
                          class="ant-table-cell"
                        >
                          住址
                        </th>
                        <th
                          class="ant-table-cell"
                        >
                          住址
                        </th>
                        <th
                          class="ant-table-cell"
                        >
                          住址
                        </th>
                        <th
                          class="ant-table-cell"
                        >
                          住址
                        </th>
                        <th
                          class="ant-table-cell"
                        >
                          住址
                        </th>
                        <th
                          class="ant-table-cell"
                        >
                          住址
                        </th>
                        <th
                          class="ant-table-cell"
                        >
                          住址
                        </th>
                        <th
                          class="ant-table-cell"
                        >
                          住
                        </th>
                        <th
                          class="ant-table-cell"
                        />
                      </tr>
                    </thead>
                    <tbody
                      class="ant-table-tbody"
                    >
                      <tr
                        class="ant-table-row ant-table-row-level-0"
                        data-row-key="1"
                      >
                        <td
                          class="ant-table-cell"
                        >
                          胡彦斌
                        </td>
                        <td
                          class="ant-table-cell"
                        >
                          32
                        </td>
                        <td
                          class="ant-table-cell"
                        >
                          西湖区湖底公园1号
                        </td>
                        <td
                          class="ant-table-cell"
                        >
                          西湖区湖底公园1号
                        </td>
                        <td
                          class="ant-table-cell"
                        >
                          西湖区湖底公园1号
                        </td>
                        <td
                          class="ant-table-cell"
                        >
                          西湖区湖底公园1号
                        </td>
                        <td
                          class="ant-table-cell"
                        >
                          西湖区湖底公园1号
                        </td>
                        <td
                          class="ant-table-cell"
                        >
                          西湖区湖底公园1号
                        </td>
                        <td
                          class="ant-table-cell"
                        >
                          西湖区湖底公园1号
                        </td>
                        <td
                          class="ant-table-cell"
                        >
                          西湖区湖底公园1号
                        </td>
                        <td
                          class="ant-table-cell"
                        >
                          西湖区湖底公园1111111111111111111111号
                        </td>
                        <td
                          class="ant-table-cell"
                        />
                      </tr>
                      <tr
                        class="ant-table-row ant-table-row-level-0"
                        data-row-key="2"
                      >
                        <td
                          class="ant-table-cell"
                        >
                          胡彦祖
                        </td>
                        <td
                          class="ant-table-cell"
                        >
                          42
                        </td>
                        <td
                          class="ant-table-cell"
                        />
                        <td
                          class="ant-table-cell"
                        />
                        <td
                          class="ant-table-cell"
                        />
                        <td
                          class="ant-table-cell"
                        />
                        <td
                          class="ant-table-cell"
                        />
                        <td
                          class="ant-table-cell"
                        />
                        <td
                          class="ant-table-cell"
                        />
                        <td
                          class="ant-table-cell"
                        />
                        <td
                          class="ant-table-cell"
                        />
                        <td
                          class="ant-table-cell"
                        />
                      </tr>
                    </tbody>
                  </table>
                </div>
              </div>
            </div>
            <ul
              class="ant-pagination ant-table-pagination"
              unselectable="unselectable"
            >
              <li
                aria-disabled="true"
                class="ant-pagination-prev ant-pagination-disabled"
                title="Previous Page"
              >
                <a
                  class="ant-pagination-item-link"
                  disabled=""
                >
                  <span
                    aria-label="left"
                    class="anticon anticon-left"
                    role="img"
                  >
                    <svg
                      aria-hidden="true"
                      data-icon="left"
                      fill="currentColor"
                      focusable="false"
                      height="1em"
                      viewBox="64 64 896 896"
                      width="1em"
                    >
                      <path
                        d="M724 218.3V141c0-6.7-7.7-10.4-12.9-6.3L260.3 486.8a31.86 31.86 0 000 50.3l450.8 352.1c5.3 4.1 12.9.4 12.9-6.3v-77.3c0-4.9-2.3-9.6-6.1-12.6l-360-281 360-281.1c3.8-3 6.1-7.7 6.1-12.6z"
                      />
                    </svg>
                  </span>
                </a>
              </li>
              <li
                class="ant-pagination-item ant-pagination-item-1 ant-pagination-item-active"
                tabindex="0"
                title="1"
              >
                <a>
                  1
                </a>
              </li>
              <li
                aria-disabled="true"
                class="ant-pagination-next ant-pagination-disabled"
                title="Next Page"
              >
                <a
                  class="ant-pagination-item-link"
                  disabled=""
                >
                  <span
                    aria-label="right"
                    class="anticon anticon-right"
                    role="img"
                  >
                    <svg
                      aria-hidden="true"
                      data-icon="right"
                      fill="currentColor"
                      focusable="false"
                      height="1em"
                      viewBox="64 64 896 896"
                      width="1em"
                    >
                      <path
                        d="M765.7 486.8L314.9 134.7A7.97 7.97 0 00302 141v77.3c0 4.9 2.3 9.6 6.1 12.6l360 281.1-360 281.1c-3.9 3-6.1 7.7-6.1 12.6V883c0 6.7 7.7 10.4 12.9 6.3l450.8-352.1a31.96 31.96 0 000-50.4z"
                      />
                    </svg>
                  </span>
                </a>
              </li>
            </ul>
          </div>
        </div>
      </div>
    </div>
    <a>
      Learn React
    </a>
    <h3
      data-testid="mainHeader"
    >
      React Example
    </h3>
    <button
      data-testid="button1"
    >
      ++
    </button>
    <button
      data-testid="button2"
    >
      2
    </button>
  </div>
</DocumentFragment>
`;
